// Jest Snapshot v1, https://goo.gl/fbAQLP

exports[`App should match the snapshot 1`] = `
<Fragment>
  <Namespaces
    onNamespaceChange={[Function]}
  />
  <Pods
    namespace=""
  />
</Fragment>
`;
