// Jest Snapshot v1, https://goo.gl/fbAQLP

exports[`Namespaces render() should match the snapshot 1`] = `
<NamespacesComponent
  namespaces={Array []}
/>
`;
