// Jest Snapshot v1, https://goo.gl/fbAQLP

exports[`NodesComponent should match the snapshot 1`] = `
<TableComponent
  actions={
    Array [
      Object {
        "descrition": "Copy",
        "key": "c",
      },
    ]
  }
  data={
    Array [
      Object {
        "name": "some-node-name",
      },
    ]
  }
  onActionPerformed={[Function]}
  setRawMode={[Function]}
  stdin={
    Object {
      "on": [Function],
    }
  }
/>
`;
